Ôû▓ Next.js 16.1.6 (Turbopack)
- Environments: .env.local

node.exe : ÔÜá The "middleware" file convention is deprecated. Please
 use "proxy" instead. Learn more: https://nextjs.org/docs/messages/mi
ddleware-to-proxy
At line:1 char:1
+ & "C:\Program Files\nodejs/node.exe" "C:\Program Files\nodejs/node_
mo ...
+ ~~~~~~~~~~~~~~~~~~~~~~~~~~~~~~~~~~~~~~~~~~~~~~~~~~~~~~~~~~~~~~~~~~~
~~
    + CategoryInfo          : NotSpecified: (ÔÜá The "middle...lewar 
   e-to-proxy:String) [], RemoteException
    + FullyQualifiedErrorId : NativeCommandError
 
  Creating an optimized production build ...
Ô£ô Compiled successfully in 2.3min
  Running TypeScript ...
  Collecting page data using 3 workers ...
  Generating static pages using 3 workers (0/105) ...
  Generating static pages using 3 workers (26/105) 
Ô¿» useSearchParams() should be wrapped in a suspense boundary at pag
e "/[locale]/giris". Read more: https://nextjs.org/docs/messages/miss
ing-suspense-with-csr-bailout
    at Q (C:\Users\berka\move_league_v4\.next\server\chunks\ssr\node_
modules_cf1f3d2c._.js:2:2111)
    at o (C:\Users\berka\move_league_v4\.next\server\chunks\ssr\node_
modules_cf1f3d2c._.js:4:5284)
    at l (C:\Users\berka\move_league_v4\.next\server\chunks\ssr\_979f
9982._.js:2:4618)
    at an (C:\Users\berka\move_league_v4\node_modules\next\dist\compi
led\next-server\app-page-turbo.runtime.prod.js:2:84360)
    at ai (C:\Users\berka\move_league_v4\node_modules\next\dist\compi
led\next-server\app-page-turbo.runtime.prod.js:2:86179)
    at al (C:\Users\berka\move_league_v4\node_modules\next\dist\compi
led\next-server\app-page-turbo.runtime.prod.js:2:107953)
    at as (C:\Users\berka\move_league_v4\node_modules\next\dist\compi
led\next-server\app-page-turbo.runtime.prod.js:2:105368)
    at aa (C:\Users\berka\move_league_v4\node_modules\next\dist\compi
led\next-server\app-page-turbo.runtime.prod.js:2:84712)
    at ai (C:\Users\berka\move_league_v4\node_modules\next\dist\compi
led\next-server\app-page-turbo.runtime.prod.js:2:86228)
    at ai (C:\Users\berka\move_league_v4\node_modules\next\dist\compi
led\next-server\app-page-turbo.runtime.prod.js:2:104708)
Error occurred prerendering page "/tr/giris". Read more: https://next
js.org/docs/messages/prerender-error
Export encountered an error on /[locale]/giris/page: /tr/giris, exiti
ng the build.
  Generating static pages using 3 workers (52/105) 
  Generating static pages using 3 workers (78/105) 
Ô¿» Next.js build worker exited with code: 1 and signal: null
