[1m[38;2;173;127;168mÔû▓ Next.js 16.1.6[39m[22m (Turbopack)
- Environments: .env.local

node.exe : [33m[1mÔÜá[22m[39m The "middleware" file convention is
 deprecated. Please use "proxy" instead. Learn more: https://nextjs.o
rg/docs/messages/middleware-to-proxy
At line:1 char:1
+ & "C:\Program Files\nodejs/node.exe" "C:\Program Files\nodejs/node_
mo ...
+ ~~~~~~~~~~~~~~~~~~~~~~~~~~~~~~~~~~~~~~~~~~~~~~~~~~~~~~~~~~~~~~~~~~~
~~
    + CategoryInfo          : NotSpecified: ([33m[1mÔÜá[2...lewar 
   e-to-proxy:String) [], RemoteException
    + FullyQualifiedErrorId : NativeCommandError
 
[37m[1m [22m[39m Creating an optimized production build ...
[32m[1mÔ£ô[22m[39m Compiled successfully in 50s
[37m[1m [22m[39m Running TypeScript ...
[37m[1m [22m[39m Collecting page data using 3 workers ...
[37m[1m [22m[39m Generating static pages using 3 workers (0/108) ...
[37m[1m [22m[39m Generating static pages using 3 workers (27/108) 
[37m[1m [22m[39m Generating static pages using 3 workers (54/108) 
[37m[1m [22m[39m Generating static pages using 3 workers (81/108) 
[32m[1mÔ£ô[22m[39m Generating static pages using 3 workers (108/108) in 2.8s
[37m[1m [22m[39m Finalizing page optimization ...

[4mRoute (app)[24m
Ôöî Ôùï /
Ôö£ Ôùï /_not-found
Ôö£ ãÆ /[locale]
Ôö£ ãÆ /[locale]/admin
Ôö£ ãÆ /[locale]/admin/atolyeler
Ôö£ ãÆ /[locale]/admin/duellolar
Ôö£ ãÆ /[locale]/admin/duyurular
Ôö£ ãÆ /[locale]/admin/geri-bildirimler
Ôö£ ãÆ /[locale]/admin/hakemler
Ôö£ ãÆ /[locale]/admin/kullanicilar
Ôö£ ãÆ /[locale]/admin/program
Ôö£ ãÆ /[locale]/admin/rozetler
Ôö£ ãÆ /[locale]/admin/sezonlar
Ôö£ ãÆ /[locale]/admin/yarisma
Ôö£ ãÆ /[locale]/anasayfa
Ôö£ ãÆ /[locale]/atolyeler
Ôö£ ãÆ /[locale]/atolyeler/[id]
Ôö£ ãÆ /[locale]/atolyeler/olustur
Ôö£ ãÆ /[locale]/atolyeler/yonetim
Ôö£ ãÆ /[locale]/ayarlar
Ôö£ ãÆ /[locale]/bildirimler
Ôö£ ãÆ /[locale]/duellolar
Ôö£ ãÆ /[locale]/duellolar/[id]
Ôö£ ãÆ /[locale]/duellolar/yeni
Ôö£ ãÆ /[locale]/duyurular
Ôö£ ÔùÅ /[locale]/email-dogrula
Ôöé Ôö£ /tr/email-dogrula
Ôöé Ôöö /en/email-dogrula
Ôö£ ãÆ /[locale]/geri-bildirim
Ôö£ ÔùÅ /[locale]/giris
Ôöé Ôö£ /tr/giris
Ôöé Ôöö /en/giris
Ôö£ ÔùÅ /[locale]/gizlilik
Ôöé Ôö£ /tr/gizlilik
Ôöé Ôöö /en/gizlilik
Ôö£ ãÆ /[locale]/hakem-programi
Ôö£ ÔùÅ /[locale]/kayit
Ôöé Ôö£ /tr/kayit
Ôöé Ôöö /en/kayit
Ôö£ ÔùÅ /[locale]/kullanim-kosullari
Ôöé Ôö£ /tr/kullanim-kosullari
Ôöé Ôöö /en/kullanim-kosullari
Ôö£ ÔùÅ /[locale]/kvkk
Ôöé Ôö£ /tr/kvkk
Ôöé Ôöö /en/kvkk
Ôö£ ãÆ /[locale]/profil
Ôö£ ÔùÅ /[locale]/profil-tamamla
Ôöé Ôö£ /tr/profil-tamamla
Ôöé Ôöö /en/profil-tamamla
Ôö£ ãÆ /[locale]/profil/[id]
Ôö£ ÔùÅ /[locale]/sifre-sifirla
Ôöé Ôö£ /tr/sifre-sifirla
Ôöé Ôöö /en/sifre-sifirla
Ôö£ ãÆ /[locale]/siralama
Ôö£ ãÆ /[locale]/takimlar
Ôö£ ãÆ /[locale]/takimlar/[id]
Ôö£ ãÆ /[locale]/takimlar/olustur
Ôö£ ãÆ /[locale]/yarisma
Ôö£ ãÆ /[locale]/yarisma/[id]
Ôö£ ãÆ /api/admin/announcements
Ôö£ ãÆ /api/admin/battles
Ôö£ ãÆ /api/admin/deletion-requests
Ôö£ ãÆ /api/admin/judges
Ôö£ ãÆ /api/admin/stats
Ôö£ ãÆ /api/admin/users
Ôö£ ãÆ /api/admin/workshops
Ôö£ ãÆ /api/announcements
Ôö£ ãÆ /api/announcements/[id]/file
Ôö£ ãÆ /api/announcements/[id]/image
Ôö£ ãÆ /api/auth/[...nextauth]
Ôö£ ãÆ /api/auth/forgot-password
Ôö£ ãÆ /api/auth/reset-password
Ôö£ ãÆ /api/auth/verify-email
Ôö£ ãÆ /api/badges
Ôö£ ãÆ /api/badges/check
Ôö£ ãÆ /api/battles
Ôö£ ãÆ /api/battles/[id]
Ôö£ ãÆ /api/competitions
Ôö£ ãÆ /api/competitions/[id]
Ôö£ ãÆ /api/competitions/[id]/register
Ôö£ ãÆ /api/competitions/[id]/results
Ôö£ ãÆ /api/feedbacks
Ôö£ ãÆ /api/judge-schedule
Ôö£ ãÆ /api/notifications
Ôö£ ãÆ /api/notifications/[id]
Ôö£ ãÆ /api/notifications/subscribe-push
Ôö£ ãÆ /api/rankings
Ôö£ ãÆ /api/register
Ôö£ ãÆ /api/seasons
Ôö£ ãÆ /api/studios
Ôö£ ãÆ /api/studios/[id]
Ôö£ ãÆ /api/studios/[id]/availability
Ôö£ ãÆ /api/teams
Ôö£ ãÆ /api/teams/[id]
Ôö£ ãÆ /api/teams/[id]/members
Ôö£ ãÆ /api/users/[id]
Ôö£ ãÆ /api/users/[id]/badges
Ôö£ ãÆ /api/users/[id]/stats
Ôö£ ãÆ /api/users/me
Ôö£ ãÆ /api/users/me/consents
Ôö£ ãÆ /api/users/me/data-export
Ôö£ ãÆ /api/users/me/deletion-request
Ôö£ ãÆ /api/users/search
Ôö£ ãÆ /api/users/stats
Ôö£ ãÆ /api/workshops
Ôö£ ãÆ /api/workshops/[id]
Ôö£ ãÆ /api/workshops/[id]/enroll
Ôö£ ãÆ /api/workshops/[id]/messages
Ôö£ ãÆ /api/workshops/[id]/reviews
Ôöö ãÆ /api/workshops/my


ãÆ Proxy (Middleware)

Ôùï  (Static)   prerendered as static content
ÔùÅ  (SSG)      prerendered as static HTML (uses [36mgenerateStaticParams[39m)
ãÆ  (Dynamic)  server-rendered on demand

